[36mvite v7.3.1 [32mbuilding client environment for production...[36m[39m
transforming...
[32mÔ£ô[39m 24 modules transformed.
node.exe : [31mÔ£ù[39m 
Build failed in 8.96s
En línea: 1 Carácter: 1
+ & "C:\Program 
Files\nodejs/node.exe" "C:\Use
rs\Admin\AppData\Roaming\ ...
+ ~~~~~~~~~~~~~~~~~~~~~~~~~~~~
~~~~~~~~~~~~~~~~~~~~~~~~~~~~~~
~~~~~~~~~~~
    + CategoryInfo          : 
    NotSpecified: ([31mÔ£ù  
  [39m Build failed in 8.96   
 s:String) [], RemoteExcep    
tion
    + FullyQualifiedErrorId : 
    NativeCommandError
 
[31merror during build:
[31m[vite:css] [postcss] C:/U
sers/Admin/Desktop/rhymestrain
/src/style.css:1689:1: 
Unexpected }[31m
file: [36mC:/Users/Admin/Desk
top/rhymestrain/src/style.css:
1689:0[31m
    at Input.error (C:\Users\A
dmin\Desktop\rhymestrain\node_
modules\postcss\lib\input.js:1
35:16)
    at Parser.unexpectedClose 
(C:\Users\Admin\Desktop\rhymes
train\node_modules\postcss\lib
\parser.js:587:22)
    at Parser.end (C:\Users\Ad
min\Desktop\rhymestrain\node_m
odules\postcss\lib\parser.js:3
30:12)
    at Parser.parse (C:\Users\
Admin\Desktop\rhymestrain\node
_modules\postcss\lib\parser.js
:456:16)
    at parse (C:\Users\Admin\D
esktop\rhymestrain\node_module
s\postcss\lib\parse.js:11:12)
    at new LazyResult (C:\User
s\Admin\Desktop\rhymestrain\no
de_modules\postcss\lib\lazy-re
sult.js:165:16)
    at Processor.process (C:\U
sers\Admin\Desktop\rhymestrain
\node_modules\postcss\lib\proc
essor.js:53:14)
    at runPostCSS (file:///C:/
Users/Admin/Desktop/rhymestrai
n/node_modules/vite/dist/node/
chunks/config.js:30145:68)
    at async compilePostCSS (f
ile:///C:/Users/Admin/Desktop/
rhymestrain/node_modules/vite/
dist/node/chunks/config.js:301
29:6)
    at async compileCSS (file:
///C:/Users/Admin/Desktop/rhym
estrain/node_modules/vite/dist
/node/chunks/config.js:30059:2
6)[39m
